Archive member included because of file (symbol)

d:/software/hightec/toolchains/tricore/v4.9.3.0-infineon-1.0/bin/../lib/gcc/tricore/4.9.4/../../../../tricore/lib/tc162/short-double\libos.a(wdtcon.o)
                              bsp/board/board_appkit_TC3X7_V2.0/board.o (unlock_wdtcon)

Discarded input sections

 .text          0x0000000000000000        0x0 bsp/board/board_appkit_TC3X7_ADAS_V1.0/board.o
 .data          0x0000000000000000        0x0 bsp/board/board_appkit_TC3X7_ADAS_V1.0/board.o
 .bss           0x0000000000000000        0x0 bsp/board/board_appkit_TC3X7_ADAS_V1.0/board.o
 .text          0x0000000000000000        0x0 bsp/board/board_appkit_TC3X7_ADAS_V2.0/board.o
 .data          0x0000000000000000        0x0 bsp/board/board_appkit_TC3X7_ADAS_V2.0/board.o
 .bss           0x0000000000000000        0x0 bsp/board/board_appkit_TC3X7_ADAS_V2.0/board.o
 .text          0x0000000000000000        0x0 bsp/board/board_appkit_TC3X7_V1.0/board.o
 .data          0x0000000000000000        0x0 bsp/board/board_appkit_TC3X7_V1.0/board.o
 .bss           0x0000000000000000        0x0 bsp/board/board_appkit_TC3X7_V1.0/board.o
 .data          0x0000000000000000        0x0 bsp/board/board_appkit_TC3X7_V2.0/board.o
 .bss           0x0000000000000000        0x0 bsp/board/board_appkit_TC3X7_V2.0/board.o
 .text          0x0000000000000000        0x0 bsp/board/board_radar_TC3X6_V1.3/board.o
 .data          0x0000000000000000        0x0 bsp/board/board_radar_TC3X6_V1.3/board.o
 .bss           0x0000000000000000        0x0 bsp/board/board_radar_TC3X6_V1.3/board.o
 .text          0x0000000000000000        0x0 bsp/board/board_triboard_TC377TX_V1.X/board.o
 .data          0x0000000000000000        0x0 bsp/board/board_triboard_TC377TX_V1.X/board.o
 .bss           0x0000000000000000        0x0 bsp/board/board_triboard_TC377TX_V1.X/board.o
 .text          0x0000000000000000        0x0 bsp/board/board_triboard_TC3X2_V1.0/board.o
 .data          0x0000000000000000        0x0 bsp/board/board_triboard_TC3X2_V1.0/board.o
 .bss           0x0000000000000000        0x0 bsp/board/board_triboard_TC3X2_V1.0/board.o
 .text          0x0000000000000000        0x0 bsp/board/board_triboard_TC3X3_V1.0/board.o
 .data          0x0000000000000000        0x0 bsp/board/board_triboard_TC3X3_V1.0/board.o
 .bss           0x0000000000000000        0x0 bsp/board/board_triboard_TC3X3_V1.0/board.o
 .text          0x0000000000000000        0x0 bsp/board/board_triboard_TC3X4L_V1.0/board.o
 .data          0x0000000000000000        0x0 bsp/board/board_triboard_TC3X4L_V1.0/board.o
 .bss           0x0000000000000000        0x0 bsp/board/board_triboard_TC3X4L_V1.0/board.o
 .text          0x0000000000000000        0x0 bsp/board/board_triboard_TC3X4T_V1.0/board.o
 .data          0x0000000000000000        0x0 bsp/board/board_triboard_TC3X4T_V1.0/board.o
 .bss           0x0000000000000000        0x0 bsp/board/board_triboard_TC3X4T_V1.0/board.o
 .text          0x0000000000000000        0x0 bsp/board/board_triboard_TC3X5_V1.X/board.o
 .data          0x0000000000000000        0x0 bsp/board/board_triboard_TC3X5_V1.X/board.o
 .bss           0x0000000000000000        0x0 bsp/board/board_triboard_TC3X5_V1.X/board.o
 .text          0x0000000000000000        0x0 bsp/board/board_triboard_TC3X6_ADAS_V1.0/board.o
 .data          0x0000000000000000        0x0 bsp/board/board_triboard_TC3X6_ADAS_V1.0/board.o
 .bss           0x0000000000000000        0x0 bsp/board/board_triboard_TC3X6_ADAS_V1.0/board.o
 .text          0x0000000000000000        0x0 bsp/board/board_triboard_TC3X6_V1.0/board.o
 .data          0x0000000000000000        0x0 bsp/board/board_triboard_TC3X6_V1.0/board.o
 .bss           0x0000000000000000        0x0 bsp/board/board_triboard_TC3X6_V1.0/board.o
 .text          0x0000000000000000        0x0 bsp/board/board_triboard_TC3X7_ADAS_V1.0/board.o
 .data          0x0000000000000000        0x0 bsp/board/board_triboard_TC3X7_ADAS_V1.0/board.o
 .bss           0x0000000000000000        0x0 bsp/board/board_triboard_TC3X7_ADAS_V1.0/board.o
 .text          0x0000000000000000        0x0 bsp/board/board_triboard_TC3X7_ADAS_V2.0/board.o
 .data          0x0000000000000000        0x0 bsp/board/board_triboard_TC3X7_ADAS_V2.0/board.o
 .bss           0x0000000000000000        0x0 bsp/board/board_triboard_TC3X7_ADAS_V2.0/board.o
 .text          0x0000000000000000        0x0 bsp/board/board_triboard_TC3X7_V1.0/board.o
 .data          0x0000000000000000        0x0 bsp/board/board_triboard_TC3X7_V1.0/board.o
 .bss           0x0000000000000000        0x0 bsp/board/board_triboard_TC3X7_V1.0/board.o
 .text          0x0000000000000000        0x0 bsp/board/board_triboard_TC3X7_V2.0/board.o
 .data          0x0000000000000000        0x0 bsp/board/board_triboard_TC3X7_V2.0/board.o
 .bss           0x0000000000000000        0x0 bsp/board/board_triboard_TC3X7_V2.0/board.o
 .text          0x0000000000000000        0x0 bsp/board/board_triboard_TC3X9_V1.0/board.o
[...]
Memory Configuration

Name             Origin             Length             Used               Free               Attributes
ucb_bmhd_orig    0x00000000af400000 0x0000000000000800         0x00000000000007f4         0x000000000000000c xr
ucb_bmhd_copy    0x00000000af401000 0x0000000000000800         0x00000000000007f4         0x000000000000000c xr
int_flash0       0x0000000080000000 0x0000000000300000         0x0000000000002844         0x00000000002fd7bc xr
int_flash1       0x0000000080300000 0x0000000000300000         0x0000000000000834         0x00000000002ff7cc xr
int_flash2       0x0000000080600000 0x0000000000300000         0x0000000000000834         0x00000000002ff7cc xr
int_flash3       0x0000000080900000 0x0000000000100000         0x0000000000000834         0x00000000000ff7cc xr
pspr_cpu0        0x0000000070100000 0x0000000000010000         0x0000000000000080         0x000000000000ff80 xr
pspr_cpu1        0x0000000060100000 0x0000000000010000         0x0000000000000080         0x000000000000ff80 xr
pspr_cpu2        0x0000000050100000 0x0000000000010000         0x0000000000000080         0x000000000000ff80 xr
pspr_cpu3        0x0000000040100000 0x0000000000010000         0x0000000000000080         0x000000000000ff80 xr
dspr_cpu0        0x0000000070000000 0x000000000003c000         0x0000000000005000         0x0000000000037000 w !x
dspr_cpu1        0x0000000060000000 0x000000000003c000         0x0000000000005000         0x0000000000037000 w !x
dspr_cpu2        0x0000000050000000 0x0000000000018000         0x0000000000005000         0x0000000000013000 w !x
dspr_cpu3        0x0000000040000000 0x0000000000018000         0x0000000000005000         0x0000000000013000 w !x
dlmu_cpu0        0x0000000090000000 0x0000000000010000         0x0000000000000000         0x0000000000010000 xw
dlmu_cpu1        0x0000000090010000 0x0000000000010000         0x0000000000000000         0x0000000000010000 xw
dlmu_cpu2        0x0000000090020000 0x0000000000010000         0x0000000000000000         0x0000000000010000 xw
dlmu_cpu3        0x0000000090030000 0x0000000000010000         0x0000000000000000         0x0000000000010000 xw
lmu0_cached      0x0000000090040000 0x0000000000020000         0x0000000000001000         0x000000000001f000 xw
lmu0_noncached   0x00000000b0040000 0x0000000000020000         0x0000000000001000         0x000000000001f000 xw
periphery_base   0x00000000f0000000 0x0000000000000000         0x0000000000000000         0x0000000000000000
periphery_end    0x00000000ffff0000 0x0000000000000000         0x0000000000000000         0x0000000000000000
*default*        0x0000000000000000 0xffffffffffffffff         0x000000000001282f         0xfffffffffffed7d0

List of aliases

ucb_bmhd_orig   : BMHD_ORIG
ucb_bmhd_copy   : BMHD_COPY
int_flash0      : RODATA CODE RODATA_CPU0_ CODE_CPU0_ BOOT
int_flash1      : RODATA_CPU1_ CODE_CPU1_
int_flash2      : RODATA_CPU2_ CODE_CPU2_
int_flash3      : RODATA_CPU3_ CODE_CPU3_
pspr_cpu0       : RAMCODE_CPU0_ BSP_ISR_HANDLERS_CPU0_
pspr_cpu1       : RAMCODE_CPU1_ BSP_ISR_HANDLERS_CPU1_
pspr_cpu2       : RAMCODE_CPU2_ BSP_ISR_HANDLERS_CPU2_
pspr_cpu3       : RAMCODE_CPU3_ BSP_ISR_HANDLERS_CPU3_
dspr_cpu0       : DATA_DSPR_CPU0_
dspr_cpu1       : DATA_DSPR_CPU1_
dspr_cpu2       : DATA_DSPR_CPU2_
dspr_cpu3       : DATA_DSPR_CPU3_
dlmu_cpu0       : DATA_DLMU_CPU0_
dlmu_cpu1       : DATA_DLMU_CPU1_
dlmu_cpu2       : DATA_DLMU_CPU2_
dlmu_cpu3       : DATA_DLMU_CPU3_
lmu0_noncached  : RAM_CODE DATA

Region Mirrors:


lmu0_cached     :
                lmu0_cached lmu0_noncached 
lmu0_noncached  :
                lmu0_cached lmu0_noncached 
Linker script and memory map

LOAD bsp/board/board_appkit_TC3X7_ADAS_V1.0/board.o
LOAD bsp/board/board_appkit_TC3X7_ADAS_V2.0/board.o
LOAD bsp/board/board_appkit_TC3X7_V1.0/board.o
LOAD bsp/board/board_appkit_TC3X7_V2.0/board.o
LOAD bsp/board/board_radar_TC3X6_V1.3/board.o
LOAD bsp/board/board_triboard_TC377TX_V1.X/board.o
LOAD bsp/board/board_triboard_TC3X2_V1.0/board.o
LOAD bsp/board/board_triboard_TC3X3_V1.0/board.o
LOAD bsp/board/board_triboard_TC3X4L_V1.0/board.o
LOAD bsp/board/board_triboard_TC3X4T_V1.0/board.o
LOAD bsp/board/board_triboard_TC3X5_V1.X/board.o
LOAD bsp/board/board_triboard_TC3X6_ADAS_V1.0/board.o
LOAD bsp/board/board_triboard_TC3X6_V1.0/board.o
LOAD bsp/board/board_triboard_TC3X7_ADAS_V1.0/board.o
LOAD bsp/board/board_triboard_TC3X7_ADAS_V2.0/board.o
LOAD bsp/board/board_triboard_TC3X7_V1.0/board.o
LOAD bsp/board/board_triboard_TC3X7_V2.0/board.o
LOAD bsp/board/board_triboard_TC3X9_V1.0/board.o
LOAD bsp/board/board_triboard_TC3X9_V2.0/board.o
LOAD bsp/board/bsp_board.o
LOAD bsp/isr/bsp_isr.o
LOAD bsp/isr/bsp_isr_vector_table.o
LOAD bsp/isr/bsp_traps_tc3.o
LOAD bsp/uc/bsp_uc.o
LOAD bsp/uc/uc_tc38/uc_tc38.o
LOAD crt0/tc3x_crt0.o
LOAD crt0/uc_tc38_bmhd.o
LOAD src/shared_main.o
LOAD d:/software/hightec/toolchains/tricore/v4.9.3.0-infineon-1.0/bin/../lib/gcc/tricore/4.9.4/tc162/short-double\libgcc.a
LOAD d:/software/hightec/toolchains/tricore/v4.9.3.0-infineon-1.0/bin/../lib/gcc/tricore/4.9.4/../../../../tricore/lib/tc162/short-double\libc.a
LOAD d:/software/hightec/toolchains/tricore/v4.9.3.0-infineon-1.0/bin/../lib/gcc/tricore/4.9.4/../../../../tricore/lib/tc162/short-double\libos.a
LOAD d:/software/hightec/toolchains/tricore/v4.9.3.0-infineon-1.0/bin/../lib/gcc/tricore/4.9.4/../../../../tricore/lib/tc162/short-double\libm.a
LOAD d:/software/hightec/toolchains/tricore/v4.9.3.0-infineon-1.0/bin/../lib/gcc/tricore/4.9.4/../../../../tricore/lib/tc162/short-double\libc.a
LOAD d:/software/hightec/toolchains/tricore/v4.9.3.0-infineon-1.0/bin/../lib/gcc/tricore/4.9.4/tc162/short-double\libgcc.a
                0x0000000080000000                INT_FLASH_MEMORY_BASE = 0x80000000
                0x0000000000a00000                INT_FLASH_MEMORY_SIZE = 0xa00000
                0x0000000000001000                SHARED_STACK_SIZE = 0x1000
                0x0000000000000100                CSA_REGIONS = 0x100
                0x0000000000004000                CSA_SIZE = (CSA_REGIONS * 0x40)
                [0x0000000000001000]                __HEAP_SIZE = DEFINED (__HEAP_SIZE)?__HEAP_SIZE:0x1000

.bmhd_0_orig    memory region -> ucb_bmhd_orig
                0x00000000af400000      0x1f4
 *(.bmhd_0_orig)
 .bmhd_0_orig   0x00000000af400000      0x1f4 crt0/uc_tc38_bmhd.o
                0x00000000af400000                bmhd_0_orig

.bmhd_1_orig    memory region -> ucb_bmhd_orig
                0x00000000af400200      0x1f4
 *(.bmhd_1_orig)
 .bmhd_1_orig   0x00000000af400200      0x1f4 crt0/uc_tc38_bmhd.o
                0x00000000af400200                bmhd_1_orig

.bmhd_2_orig    memory region -> ucb_bmhd_orig
                0x00000000af400400      0x1f4
 *(.bmhd_2_orig)
 .bmhd_2_orig   0x00000000af400400      0x1f4 crt0/uc_tc38_bmhd.o
                0x00000000af400400                bmhd_2_orig

.bmhd_3_orig    memory region -> ucb_bmhd_orig
                0x00000000af400600      0x1f4
 *(.bmhd_3_orig)
 .bmhd_3_orig   0x00000000af400600      0x1f4 crt0/uc_tc38_bmhd.o
                0x00000000af400600                bmhd_3_orig

.bmhd_0_copy    memory region -> ucb_bmhd_copy
                0x00000000af401000      0x1f4
 *(.bmhd_0_copy)
 .bmhd_0_copy   0x00000000af401000      0x1f4 crt0/uc_tc38_bmhd.o
                0x00000000af401000                bmhd_0_copy

.bmhd_1_copy    memory region -> ucb_bmhd_copy
                0x00000000af401200      0x1f4
 *(.bmhd_1_copy)
 .bmhd_1_copy   0x00000000af401200      0x1f4 crt0/uc_tc38_bmhd.o
                0x00000000af401200                bmhd_1_copy

.bmhd_2_copy    memory region -> ucb_bmhd_copy
                0x00000000af401400      0x1f4
 *(.bmhd_2_copy)
 .bmhd_2_copy   0x00000000af401400      0x1f4 crt0/uc_tc38_bmhd.o
                0x00000000af401400                bmhd_2_copy

.bmhd_3_copy    memory region -> ucb_bmhd_copy
                0x00000000af401600      0x1f4
 *(.bmhd_3_copy)
 .bmhd_3_copy   0x00000000af401600      0x1f4 crt0/uc_tc38_bmhd.o
                0x00000000af401600                bmhd_3_copy

.crt0_boot      memory region -> int_flash0
                0x0000000080000000        0xc
 *(.crt0_boot.code)
 .crt0_boot.code
                0x0000000080000000        0xc crt0/tc3x_crt0.o
                0x0000000080000000                _crt0_reset

.bsp_trap_reset memory region -> int_flash0
                0x0000000080000100      0x254
 *(.bsp_trap_vector_table)
 .bsp_trap_vector_table
                0x0000000080000100      0x100 bsp/isr/bsp_traps_tc3.o
                0x0000000080000100                BSP_TRAP_VECTOR_TABLE
 *(.bsp_trap_handlers)
 .bsp_trap_handlers
                0x0000000080000200      0x154 bsp/isr/bsp_traps_tc3.o
                0x0000000080000200                Trap_0_Handler
                0x000000008000021e                Trap_1_Handler
                0x000000008000026a                Trap_2_Handler
                0x00000000800002ae                Trap_3_Handler
                0x00000000800002fa                Trap_4_Handler
                0x000000008000031e                Trap_5_Handler
                0x000000008000032c                Trap_6_Handler
                0x000000008000033a                Trap_7_Handler

.CPU0.bsp_isr_vector_table memory region -> int_flash0
                0x0000000080000800      0x800
 *(.bsp_isr_vector_table_cpu0)
 .bsp_isr_vector_table_cpu0
                0x0000000080000800      0x800 bsp/isr/bsp_isr_vector_table.o
                0x0000000080000800                BSP_ISR_VECTOR_TABLE_CPU0

.CPU1.bsp_isr_vector_table memory region -> int_flash1
                0x0000000080300000      0x800
 *(.bsp_isr_vector_table_cpu1)
 .bsp_isr_vector_table_cpu1
                0x0000000080300000      0x800 bsp/isr/bsp_isr_vector_table.o
                0x0000000080300000                BSP_ISR_VECTOR_TABLE_CPU1

.CPU2.bsp_isr_vector_table memory region -> int_flash2
                0x0000000080600000      0x800
 *(.bsp_isr_vector_table_cpu2)
 .bsp_isr_vector_table_cpu2
                0x0000000080600000      0x800 bsp/isr/bsp_isr_vector_table.o
                0x0000000080600000                BSP_ISR_VECTOR_TABLE_CPU2

.CPU3.bsp_isr_vector_table memory region -> int_flash3
                0x0000000080900000      0x800
 *(.bsp_isr_vector_table_cpu3)
 .bsp_isr_vector_table_cpu3
                0x0000000080900000      0x800 bsp/isr/bsp_isr_vector_table.o
                0x0000000080900000                BSP_ISR_VECTOR_TABLE_CPU3

.CPU0.bsp_isr_ram_table memory region -> pspr_cpu0
                0x0000000070100000       0x80
 *(.BspIsrRamTable_Cpu0)
 .BspIsrRamTable_Cpu0
                0x0000000070100000       0x80 bsp/isr/bsp_isr.o
                0x0000000070100000                BspIsrRamTable_Cpu0

.CPU1.bsp_isr_ram_table memory region -> pspr_cpu1
                0x0000000060100000       0x80
 *(.BspIsrRamTable_Cpu1)
 .BspIsrRamTable_Cpu1
                0x0000000060100000       0x80 bsp/isr/bsp_isr.o
                0x0000000060100000                BspIsrRamTable_Cpu1

.CPU2.bsp_isr_ram_table memory region -> pspr_cpu2
                0x0000000050100000       0x80
 *(.BspIsrRamTable_Cpu2)
 .BspIsrRamTable_Cpu2
                0x0000000050100000       0x80 bsp/isr/bsp_isr.o
                0x0000000050100000                BspIsrRamTable_Cpu2

.CPU3.bsp_isr_ram_table memory region -> pspr_cpu3
                0x0000000040100000       0x80
 *(.BspIsrRamTable_Cpu3)
 .BspIsrRamTable_Cpu3
                0x0000000040100000       0x80 bsp/isr/bsp_isr.o
                0x0000000040100000                BspIsrRamTable_Cpu3

.CPU0.csa       memory region -> dspr_cpu0
                0x0000000070000000     0x4000
                0x0000000070000000                . = ALIGN (0x40)
                0x0000000070000000                __CSA_BASE_CPU0_ = .
                0x0000000070004000                . = (. + CSA_SIZE)
 *fill*         0x0000000070000000     0x4000 00

.CPU1.csa       memory region -> dspr_cpu1
                0x0000000060000000     0x4000
                0x0000000060000000                . = ALIGN (0x40)
                0x0000000060000000                __CSA_BASE_CPU1_ = .
                0x0000000060004000                . = (. + CSA_SIZE)
 *fill*         0x0000000060000000     0x4000 00

.CPU2.csa       memory region -> dspr_cpu2
                0x0000000050000000     0x4000
                0x0000000050000000                . = ALIGN (0x40)
                0x0000000050000000                __CSA_BASE_CPU2_ = .
                0x0000000050004000                . = (. + CSA_SIZE)
 *fill*         0x0000000050000000     0x4000 00

.CPU3.csa       memory region -> dspr_cpu3
                0x0000000040000000     0x4000
                0x0000000040000000                . = ALIGN (0x40)
                0x0000000040000000                __CSA_BASE_CPU3_ = .
                0x0000000040004000                . = (. + CSA_SIZE)
 *fill*         0x0000000040000000     0x4000 00

.CPU0.stack     memory region -> dspr_cpu0
                0x0000000070004000     0x1000
                0x0000000070004000                . = ALIGN (0x8)
                0x0000000070004000                __STACK_BASE_CPU0_ = .
                0x0000000070005000                . = (. + SHARED_STACK_SIZE)
 *fill*         0x0000000070004000     0x1000 00

.CPU1.stack     memory region -> dspr_cpu1
                0x0000000060004000     0x1000
                0x0000000060004000                . = ALIGN (0x8)
                0x0000000060004000                __STACK_BASE_CPU1_ = .
                0x0000000060005000                . = (. + SHARED_STACK_SIZE)
 *fill*         0x0000000060004000     0x1000 00

.CPU2.stack     memory region -> dspr_cpu2
                0x0000000050004000     0x1000
                0x0000000050004000                . = ALIGN (0x8)
                0x0000000050004000                __STACK_BASE_CPU2_ = .
                0x0000000050005000                . = (. + SHARED_STACK_SIZE)
 *fill*         0x0000000050004000     0x1000 00

.CPU3.stack     memory region -> dspr_cpu3
                0x0000000040004000     0x1000
                0x0000000040004000                . = ALIGN (0x8)
                0x0000000040004000                __STACK_BASE_CPU3_ = .
                0x0000000040005000                . = (. + SHARED_STACK_SIZE)
 *fill*         0x0000000040004000     0x1000 00

.CPU0.code

.CPU0.ramcode   memory region -> pspr_cpu0
                0x0000000070100080        0x0 load address 0x0000000080001000

.CPU0.rodata

.CPU0.data      memory region -> dspr_cpu0
                0x0000000070005000        0x0 load address 0x0000000080001000

.CPU0.bss       memory region -> dspr_cpu0
                0x0000000070005000        0x0 load address 0x0000000080001000

.CPU1.code

.CPU1.ramcode   memory region -> pspr_cpu1
                0x0000000060100080        0x0 load address 0x0000000080300800

.CPU1.rodata

.CPU1.data      memory region -> dspr_cpu1
                0x0000000060005000        0x0 load address 0x0000000080300800

.CPU1.bss       memory region -> dspr_cpu1
                0x0000000060005000        0x0 load address 0x0000000080300800

.CPU2.code

.CPU2.ramcode   memory region -> pspr_cpu2
                0x0000000050100080        0x0 load address 0x0000000080600800

.CPU2.rodata

.CPU2.data      memory region -> dspr_cpu2
                0x0000000050005000        0x0 load address 0x0000000080600800

.CPU2.bss       memory region -> dspr_cpu2
                0x0000000050005000        0x0 load address 0x0000000080600800

.CPU3.code

.CPU3.ramcode   memory region -> pspr_cpu3
                0x0000000040100080        0x0 load address 0x0000000080900800

.CPU3.rodata

.CPU3.data      memory region -> dspr_cpu3
                0x0000000040005000        0x0 load address 0x0000000080900800

.CPU3.bss       memory region -> dspr_cpu3
                0x0000000040005000        0x0 load address 0x0000000080900800

.code           memory region -> int_flash0
                0x0000000080001000     0x16c6
 *(.text*)
 .text          0x0000000080001000      0x28e bsp/board/board_appkit_TC3X7_V2.0/board.o
                0x0000000080001000                bsp_board_wdg_Disable
 .text          0x000000008000128e       0xf6 bsp/board/bsp_board.o
                0x000000008000128e                bsp_board_led_InitAll
                0x00000000800012c2                bsp_board_led_Init
                0x0000000080001340                bsp_board_led_Set
 .text          0x0000000080001384      0x14c bsp/isr/bsp_isr.o
                0x0000000080001384                isr_undef_handler
                0x000000008000138a                bsp_isr_Init
                0x000000008000143a                bsp_isr_RegisterHandler
 .text          0x00000000800014d0      0xe9c bsp/uc/bsp_uc.o
                0x00000000800014d0                bsp_uc_scu_wdt_DisableSafetyWatchdog
                0x00000000800014f0                bsp_uc_scu_wdt_DisableCpuWatchdog
                0x0000000080001528                bsp_uc_scu_EnableXOSC
                0x000000008000161a                bsp_uc_scu_EnablePLL0
                0x0000000080001742                bsp_uc_scu_EnablePLL1
                0x00000000800018b8                bsp_uc_scu_SwitchSystemClock
                0x0000000080001a2e                bsp_uc_scu_SetCcuCon
                0x0000000080001a90                bsp_uc_ccu_SelectExtClk0
                0x0000000080001b2c                bsp_uc_ccu_SelectExtClk1
                0x0000000080001b8c                bsp_uc_core_StartCore
                0x0000000080001c30                bsp_uc_core_StartAllCores
                0x0000000080001c62                bsp_uc_port_EnableInput
                0x0000000080001cc6                bsp_uc_port_EnableOutput
                0x0000000080001d90                bsp_uc_port_SetGPIO
                0x0000000080001dec                bsp_uc_port_GetGPIO
                0x0000000080001e38                bsp_uc_pflash_SetWs
                0x0000000080001e8e                bsp_uc_dflash_SetWs
                0x0000000080001ed6                bsp_uc_core_EnableICache
                0x0000000080001f2c                bsp_uc_core_EnableDCache
                0x0000000080001f60                bsp_uc_core_GetCurrentCore
                0x0000000080001f8e                bsp_uc_core_GetCurrentInterruptPriority
                0x0000000080001faa                bsp_uc_stm_ReloadChannel
                0x0000000080001fe4                bsp_uc_stm_EnableChannelIsr
                0x000000008000204e                bsp_uc_stm_ClearChannelIsrFlag
                0x0000000080002082                bsp_uc_stm_IsChannelIsrFlag
                0x00000000800020b0                bsp_uc_stm_GetChannelCurrentValue
                0x00000000800020d8                bsp_uc_stm_Wait
                0x0000000080002140                bsp_uc_intc_SetBIV
                0x000000008000217e                bsp_uc_intc_stm_SetSRC
                0x000000008000220c                bsp_uc_intc_EnableExternalInterrupts
                0x0000000080002214                bsp_uc_InitClock
                0x00000000800022ee                bsp_uc_intc_InitBIV
 .text          0x000000008000236c      0x1bc crt0/tc3x_crt0.o
                0x000000008000236c                _start
                0x0000000080002468                Crt0BssInit
                0x0000000080002490                Crt0DataInit
                0x00000000800024c0                Crt0CtorInit
 .text          0x0000000080002528       0xf6 src/shared_main.o
                0x0000000080002528                TimerMulticoreIsrHandler
                0x0000000080002568                shared_main
                0x00000000800025d4                Crt0PreInit
                0x00000000800025f4                Crt0PostInit
 .text.unlock_wdtcon
                0x000000008000261e       0x34 d:/software/hightec/toolchains/tricore/v4.9.3.0-infineon-1.0/bin/../lib/gcc/tricore/4.9.4/../../../../tricore/lib/tc162/short-double\libos.a(wdtcon.o)
                0x000000008000261e                unlock_wdtcon
 .text.lock_wdtcon
                0x0000000080002652       0x34 d:/software/hightec/toolchains/tricore/v4.9.3.0-infineon-1.0/bin/../lib/gcc/tricore/4.9.4/../../../../tricore/lib/tc162/short-double\libos.a(wdtcon.o)
                0x0000000080002652                lock_wdtcon
 .text.unlock_safety_wdtcon
                0x0000000080002686       0x20 d:/software/hightec/toolchains/tricore/v4.9.3.0-infineon-1.0/bin/../lib/gcc/tricore/4.9.4/../../../../tricore/lib/tc162/short-double\libos.a(wdtcon.o)
                0x0000000080002686                unlock_safety_wdtcon
 .text.lock_safety_wdtcon
                0x00000000800026a6       0x20 d:/software/hightec/toolchains/tricore/v4.9.3.0-infineon-1.0/bin/../lib/gcc/tricore/4.9.4/../../../../tricore/lib/tc162/short-double\libos.a(wdtcon.o)
                0x00000000800026a6                lock_safety_wdtcon

.ramcode        memory region -> lmu0_noncached
                0x00000000b0040000        0x0 load address 0x00000000800026c6
 *(.ramcode*)

.rodata         memory region -> int_flash0
                0x00000000800026c8       0x54
 *(.rodata*)
 .rodata        0x00000000800026c8       0x54 bsp/board/board_appkit_TC3X7_V2.0/board.o
                0x00000000800026c8                board_led

.ctors          memory region -> int_flash0
                0x000000008000271c        0x8
                0x000000008000271c                __CTOR_LIST__ = .
                0x000000008000271c        0x4 LONG 0x0 (((__CTOR_END__ - __CTOR_LIST__) / 0x4) - 0x2)
 *(.ctors)
                0x0000000080002720        0x4 LONG 0x0
                0x0000000080002724                __CTOR_END__ = .

.sdata2         memory region -> int_flash0
                0x0000000080002724        0x0
 *(.sdata2*)

.sdata          memory region -> lmu0_noncached
                0x00000000b0040000        0x0 load address 0x0000000080002724
 *(.sdata*)

.sbss           memory region -> lmu0_noncached
                0x00000000b0040000        0x0 load address 0x0000000080002724
 *(.sbss*)

.data           memory region -> lmu0_noncached
                0x00000000b0040000        0x0 load address 0x0000000080002724
 *(.data*)

.bss            memory region -> lmu0_noncached
                0x00000000b0040000        0x0 load address 0x0000000080002724
 *(.bss*)
 *(COMMON)

.heap           memory region -> lmu0_noncached
                0x00000000b0040000     0x1000 load address 0x0000000080002728
                0x00000000b0041000                . = (. + __HEAP_SIZE)
 *fill*         0x00000000b0040000     0x1000 00

.CPU0.clear_sec memory region -> int_flash0
                0x0000000080002724       0x28
                0x0000000080002724        0x4 LONG 0x70005000 ADDR (.CPU0.bss)
                0x0000000080002728        0x4 LONG 0x0 SIZEOF (.CPU0.bss)
                0x000000008000272c        0x4 LONG 0xb0040000 ADDR (.sbss)
                0x0000000080002730        0x4 LONG 0x0 SIZEOF (.sbss)
                0x0000000080002734        0x4 LONG 0xb0040000 ADDR (.bss)
                0x0000000080002738        0x4 LONG 0x0 SIZEOF (.bss)
                0x000000008000273c        0x4 LONG 0xb0040000 ADDR (.heap)
                0x0000000080002740        0x4 LONG 0x1000 SIZEOF (.heap)
                0x0000000080002744        0x4 LONG 0xffffffffffffffff
                0x0000000080002748        0x4 LONG 0xffffffffffffffff

.CPU0.copy_sec  memory region -> int_flash0
                0x000000008000274c       0x48
                0x000000008000274c        0x4 LONG 0x80001000 LOADADDR (.CPU0.ramcode)
                0x0000000080002750        0x4 LONG 0x70100080 ADDR (.CPU0.ramcode)
                0x0000000080002754        0x4 LONG 0x0 SIZEOF (.CPU0.ramcode)
                0x0000000080002758        0x4 LONG 0x80001000 LOADADDR (.CPU0.data)
                0x000000008000275c        0x4 LONG 0x70005000 ADDR (.CPU0.data)
                0x0000000080002760        0x4 LONG 0x0 SIZEOF (.CPU0.data)
                0x0000000080002764        0x4 LONG 0x800026c6 LOADADDR (.ramcode)
                0x0000000080002768        0x4 LONG 0xb0040000 ADDR (.ramcode)
                0x000000008000276c        0x4 LONG 0x0 SIZEOF (.ramcode)
                0x0000000080002770        0x4 LONG 0x80002724 LOADADDR (.sdata)
                0x0000000080002774        0x4 LONG 0xb0040000 ADDR (.sdata)
                0x0000000080002778        0x4 LONG 0x0 SIZEOF (.sdata)
                0x000000008000277c        0x4 LONG 0x80002724 LOADADDR (.data)
                0x0000000080002780        0x4 LONG 0xb0040000 ADDR (.data)
                0x0000000080002784        0x4 LONG 0x0 SIZEOF (.data)
                0x0000000080002788        0x4 LONG 0xffffffffffffffff
                0x000000008000278c        0x4 LONG 0xffffffffffffffff
                0x0000000080002790        0x4 LONG 0xffffffffffffffff

.CPU1.clear_sec memory region -> int_flash1
                0x0000000080300800       0x10
                0x0000000080300800        0x4 LONG 0x60005000 ADDR (.CPU1.bss)
                0x0000000080300804        0x4 LONG 0x0 SIZEOF (.CPU1.bss)
                0x0000000080300808        0x4 LONG 0xffffffffffffffff
                0x000000008030080c        0x4 LONG 0xffffffffffffffff

.CPU1.copy_sec  memory region -> int_flash1
                0x0000000080300810       0x24
                0x0000000080300810        0x4 LONG 0x80300800 LOADADDR (.CPU1.ramcode)
                0x0000000080300814        0x4 LONG 0x60100080 (0x0 + ADDR (.CPU1.ramcode))
                0x0000000080300818        0x4 LONG 0x0 SIZEOF (.CPU1.ramcode)
                0x000000008030081c        0x4 LONG 0x80300800 LOADADDR (.CPU1.data)
                0x0000000080300820        0x4 LONG 0x60005000 ADDR (.CPU1.data)
                0x0000000080300824        0x4 LONG 0x0 SIZEOF (.CPU1.data)
                0x0000000080300828        0x4 LONG 0xffffffffffffffff
                0x000000008030082c        0x4 LONG 0xffffffffffffffff
                0x0000000080300830        0x4 LONG 0xffffffffffffffff

.CPU2.clear_sec memory region -> int_flash2
                0x0000000080600800       0x10
                0x0000000080600800        0x4 LONG 0x50005000 ADDR (.CPU2.bss)
                0x0000000080600804        0x4 LONG 0x0 SIZEOF (.CPU2.bss)
                0x0000000080600808        0x4 LONG 0xffffffffffffffff
                0x000000008060080c        0x4 LONG 0xffffffffffffffff

.CPU2.copy_sec  memory region -> int_flash2
                0x0000000080600810       0x24
                0x0000000080600810        0x4 LONG 0x80600800 LOADADDR (.CPU2.ramcode)
                0x0000000080600814        0x4 LONG 0x50100080 (0x0 + ADDR (.CPU2.ramcode))
                0x0000000080600818        0x4 LONG 0x0 SIZEOF (.CPU2.ramcode)
                0x000000008060081c        0x4 LONG 0x80600800 LOADADDR (.CPU2.data)
                0x0000000080600820        0x4 LONG 0x50005000 (0x0 + ADDR (.CPU2.data))
                0x0000000080600824        0x4 LONG 0x0 SIZEOF (.CPU2.data)
                0x0000000080600828        0x4 LONG 0xffffffffffffffff
                0x000000008060082c        0x4 LONG 0xffffffffffffffff
                0x0000000080600830        0x4 LONG 0xffffffffffffffff

.CPU3.clear_sec memory region -> int_flash3
                0x0000000080900800       0x10
                0x0000000080900800        0x4 LONG 0x40005000 ADDR (.CPU3.bss)
                0x0000000080900804        0x4 LONG 0x0 SIZEOF (.CPU3.bss)
                0x0000000080900808        0x4 LONG 0xffffffffffffffff
                0x000000008090080c        0x4 LONG 0xffffffffffffffff

.CPU3.copy_sec  memory region -> int_flash3
                0x0000000080900810       0x24
                0x0000000080900810        0x4 LONG 0x80900800 LOADADDR (.CPU3.ramcode)
                0x0000000080900814        0x4 LONG 0x40100080 (0x0 + ADDR (.CPU3.ramcode))
                0x0000000080900818        0x4 LONG 0x0 SIZEOF (.CPU3.ramcode)
                0x000000008090081c        0x4 LONG 0x80900800 LOADADDR (.CPU3.data)
                0x0000000080900820        0x4 LONG 0x40005000 (0x0 + ADDR (.CPU3.data))
                0x0000000080900824        0x4 LONG 0x0 SIZEOF (.CPU3.data)
                0x0000000080900828        0x4 LONG 0xffffffffffffffff
                0x000000008090082c        0x4 LONG 0xffffffffffffffff
                0x0000000080900830        0x4 LONG 0xffffffffffffffff
                0x000000008000a724                _SMALL_DATA2_ = (ADDR (.sdata2) + 0x8000)
                0x00000000b0048000                _SMALL_DATA_ = (ADDR (.sdata) + 0x8000)
                0x00000000b0040000                __HEAP = ADDR (.heap)
                0x00000000b0041000                __HEAP_END = (ADDR (.heap) + SIZEOF (.heap))

.crt0_config    memory region -> int_flash0
                0x0000000080002794       0xb0
                0x0000000080002794                PROVIDE (__crt0_config, .)
                0x0000000080002794        0x4 LONG 0x70004000 ADDR (.CPU0.stack)
                0x0000000080002798        0x4 LONG 0x1000 SIZEOF (.CPU0.stack)
                0x000000008000279c        0x4 LONG 0x70000000 ADDR (.CPU0.csa)
                0x00000000800027a0        0x4 LONG 0x4000 SIZEOF (.CPU0.csa)
                0x00000000800027a4        0x4 LONG 0xb0048000 _SMALL_DATA_
                0x00000000800027a8        0x4 LONG 0x8000a724 _SMALL_DATA2_
                0x00000000800027ac        0x4 LONG 0x0
                0x00000000800027b0        0x4 LONG 0x0
                0x00000000800027b4        0x4 LONG 0x80002724 ADDR (.CPU0.clear_sec)
                0x00000000800027b8        0x4 LONG 0x8000274c ADDR (.CPU0.copy_sec)
                0x00000000800027bc        0x4 LONG 0x8000271c __CTOR_LIST__
                0x00000000800027c0        0x4 LONG 0x60004000 ADDR (.CPU1.stack)
                0x00000000800027c4        0x4 LONG 0x1000 SIZEOF (.CPU1.stack)
                0x00000000800027c8        0x4 LONG 0x60000000 ADDR (.CPU1.csa)
                0x00000000800027cc        0x4 LONG 0x4000 SIZEOF (.CPU1.csa)
                0x00000000800027d0        0x4 LONG 0xb0048000 _SMALL_DATA_
                0x00000000800027d4        0x4 LONG 0x8000a724 _SMALL_DATA2_
                0x00000000800027d8        0x4 LONG 0x0
                0x00000000800027dc        0x4 LONG 0x0
                0x00000000800027e0        0x4 LONG 0x80300800 ADDR (.CPU1.clear_sec)
                0x00000000800027e4        0x4 LONG 0x80300810 ADDR (.CPU1.copy_sec)
                0x00000000800027e8        0x4 LONG 0x0
                0x00000000800027ec        0x4 LONG 0x50004000 ADDR (.CPU2.stack)
                0x00000000800027f0        0x4 LONG 0x1000 SIZEOF (.CPU2.stack)
                0x00000000800027f4        0x4 LONG 0x50000000 ADDR (.CPU2.csa)
                0x00000000800027f8        0x4 LONG 0x4000 SIZEOF (.CPU2.csa)
                0x00000000800027fc        0x4 LONG 0xb0048000 _SMALL_DATA_
                0x0000000080002800        0x4 LONG 0x8000a724 _SMALL_DATA2_
                0x0000000080002804        0x4 LONG 0x0
                0x0000000080002808        0x4 LONG 0x0
                0x000000008000280c        0x4 LONG 0x80600800 ADDR (.CPU2.clear_sec)
                0x0000000080002810        0x4 LONG 0x80600810 ADDR (.CPU2.copy_sec)
                0x0000000080002814        0x4 LONG 0x0
                0x0000000080002818        0x4 LONG 0x40004000 ADDR (.CPU3.stack)
                0x000000008000281c        0x4 LONG 0x1000 SIZEOF (.CPU3.stack)
                0x0000000080002820        0x4 LONG 0x40000000 ADDR (.CPU3.csa)
                0x0000000080002824        0x4 LONG 0x4000 SIZEOF (.CPU3.csa)
                0x0000000080002828        0x4 LONG 0xb0048000 _SMALL_DATA_
                0x000000008000282c        0x4 LONG 0x8000a724 _SMALL_DATA2_
                0x0000000080002830        0x4 LONG 0x0
                0x0000000080002834        0x4 LONG 0x0
                0x0000000080002838        0x4 LONG 0x80900800 ADDR (.CPU3.clear_sec)
                0x000000008000283c        0x4 LONG 0x80900810 ADDR (.CPU3.copy_sec)
                0x0000000080002840        0x4 LONG 0x0

.comment        memory region -> *default*
                0x0000000000000000       0x53
 *(.comment)
 .comment       0x0000000000000000       0x53 bsp/board/board_appkit_TC3X7_ADAS_V1.0/board.o
                                         0x54 (size before relaxing)
 .comment       0x0000000000000000       0x54 bsp/board/board_appkit_TC3X7_ADAS_V2.0/board.o
 .comment       0x0000000000000000       0x54 bsp/board/board_appkit_TC3X7_V1.0/board.o
 .comment       0x0000000000000000       0x54 bsp/board/board_appkit_TC3X7_V2.0/board.o
 .comment       0x0000000000000000       0x54 bsp/board/board_radar_TC3X6_V1.3/board.o
 .comment       0x0000000000000000       0x54 bsp/board/board_triboard_TC377TX_V1.X/board.o
 .comment       0x0000000000000000       0x54 bsp/board/board_triboard_TC3X2_V1.0/board.o
 .comment       0x0000000000000000       0x54 bsp/board/board_triboard_TC3X3_V1.0/board.o
 .comment       0x0000000000000000       0x54 bsp/board/board_triboard_TC3X4L_V1.0/board.o
 .comment       0x0000000000000000       0x54 bsp/board/board_triboard_TC3X4T_V1.0/board.o
 .comment       0x0000000000000000       0x54 bsp/board/board_triboard_TC3X5_V1.X/board.o
 .comment       0x0000000000000000       0x54 bsp/board/board_triboard_TC3X6_ADAS_V1.0/board.o
 .comment       0x0000000000000000       0x54 bsp/board/board_triboard_TC3X6_V1.0/board.o
 .comment       0x0000000000000000       0x54 bsp/board/board_triboard_TC3X7_ADAS_V1.0/board.o
 .comment       0x0000000000000000       0x54 bsp/board/board_triboard_TC3X7_ADAS_V2.0/board.o
 .comment       0x0000000000000000       0x54 bsp/board/board_triboard_TC3X7_V1.0/board.o
 .comment       0x0000000000000000       0x54 bsp/board/board_triboard_TC3X7_V2.0/board.o
 .comment       0x0000000000000000       0x54 bsp/board/board_triboard_TC3X9_V1.0/board.o
 .comment       0x0000000000000000       0x54 bsp/board/board_triboard_TC3X9_V2.0/board.o
 .comment       0x0000000000000000       0x54 bsp/board/bsp_board.o
 .comment       0x0000000000000000       0x54 bsp/isr/bsp_isr.o
 .comment       0x0000000000000000       0x54 bsp/isr/bsp_isr_vector_table.o
 .comment       0x0000000000000000       0x54 bsp/isr/bsp_traps_tc3.o
 .comment       0x0000000000000000       0x54 bsp/uc/bsp_uc.o
 .comment       0x0000000000000000       0x54 bsp/uc/uc_tc38/uc_tc38.o
 .comment       0x0000000000000000       0x54 crt0/uc_tc38_bmhd.o
 .comment       0x0000000000000000       0x54 src/shared_main.o
 .comment       0x0000000000000000       0x54 d:/software/hightec/toolchains/tricore/v4.9.3.0-infineon-1.0/bin/../lib/gcc/tricore/4.9.4/../../../../tricore/lib/tc162/short-double\libos.a(wdtcon.o)

.debug
 *(.debug)

.line
 *(.line)

.debug_srcinfo
 *(.debug_srcinfo)

.debug_sfnames
 *(.debug_sfnames)

.debug_aranges  memory region -> *default*
                0x0000000000000000      0x1a0
 *(.debug_aranges)
 .debug_aranges
                0x0000000000000000       0x20 bsp/board/board_appkit_TC3X7_V2.0/board.o
 .debug_aranges
                0x0000000000000020       0x20 bsp/board/bsp_board.o
 .debug_aranges
                0x0000000000000040       0x20 bsp/isr/bsp_isr.o
 .debug_aranges
                0x0000000000000060       0x18 bsp/isr/bsp_isr_vector_table.o
 .debug_aranges
                0x0000000000000078       0x58 bsp/isr/bsp_traps_tc3.o
 .debug_aranges
                0x00000000000000d0       0x20 bsp/uc/bsp_uc.o
 .debug_aranges
                0x00000000000000f0       0x18 bsp/uc/uc_tc38/uc_tc38.o
 .debug_aranges
                0x0000000000000108       0x28 crt0/tc3x_crt0.o
 .debug_aranges
                0x0000000000000130       0x18 crt0/uc_tc38_bmhd.o
 .debug_aranges
                0x0000000000000148       0x20 src/shared_main.o
 .debug_aranges
                0x0000000000000168       0x38 d:/software/hightec/toolchains/tricore/v4.9.3.0-infineon-1.0/bin/../lib/gcc/tricore/4.9.4/../../../../tricore/lib/tc162/short-double\libos.a(wdtcon.o)

.debug_pubnames
 *(.debug_pubnames)

.debug_info     memory region -> *default*
                0x0000000000000000    0x1164f
 *(.debug_info)
 .debug_info    0x0000000000000000     0x1f0b bsp/board/board_appkit_TC3X7_V2.0/board.o
 .debug_info    0x0000000000001f0b      0x590 bsp/board/bsp_board.o
 .debug_info    0x000000000000249b      0x544 bsp/isr/bsp_isr.o
 .debug_info    0x00000000000029df      0x223 bsp/isr/bsp_isr_vector_table.o
 .debug_info    0x0000000000002c02      0x3cc bsp/isr/bsp_traps_tc3.o
 .debug_info    0x0000000000002fce     0xd857 bsp/uc/bsp_uc.o
 .debug_info    0x0000000000010825      0x21d bsp/uc/uc_tc38/uc_tc38.o
 .debug_info    0x0000000000010a42       0x8b crt0/tc3x_crt0.o
 .debug_info    0x0000000000010acd      0x3a4 crt0/uc_tc38_bmhd.o
 .debug_info    0x0000000000010e71      0x42a src/shared_main.o
 .debug_info    0x000000000001129b      0x3b4 d:/software/hightec/toolchains/tricore/v4.9.3.0-infineon-1.0/bin/../lib/gcc/tricore/4.9.4/../../../../tricore/lib/tc162/short-double\libos.a(wdtcon.o)

.debug_abbrev   memory region -> *default*
                0x0000000000000000      0x948
 *(.debug_abbrev)
 .debug_abbrev  0x0000000000000000      0x16b bsp/board/board_appkit_TC3X7_V2.0/board.o
 .debug_abbrev  0x000000000000016b       0xc2 bsp/board/bsp_board.o
 .debug_abbrev  0x000000000000022d       0xf0 bsp/isr/bsp_isr.o
 .debug_abbrev  0x000000000000031d       0x1b bsp/isr/bsp_isr_vector_table.o
 .debug_abbrev  0x0000000000000338       0x98 bsp/isr/bsp_traps_tc3.o
 .debug_abbrev  0x00000000000003d0      0x33c bsp/uc/bsp_uc.o
 .debug_abbrev  0x000000000000070c       0x1b bsp/uc/uc_tc38/uc_tc38.o
 .debug_abbrev  0x0000000000000727       0x12 crt0/tc3x_crt0.o
 .debug_abbrev  0x0000000000000739       0x7d crt0/uc_tc38_bmhd.o
 .debug_abbrev  0x00000000000007b6       0x93 src/shared_main.o
 .debug_abbrev  0x0000000000000849       0xff d:/software/hightec/toolchains/tricore/v4.9.3.0-infineon-1.0/bin/../lib/gcc/tricore/4.9.4/../../../../tricore/lib/tc162/short-double\libos.a(wdtcon.o)

.debug_line     memory region -> *default*
                0x0000000000000000     0x1063
 *(.debug_line)
 .debug_line    0x0000000000000000        0x0 bsp/board/board_appkit_TC3X7_ADAS_V1.0/board.o
 .debug_line    0x0000000000000000        0x0 bsp/board/board_appkit_TC3X7_ADAS_V2.0/board.o
 .debug_line    0x0000000000000000        0x0 bsp/board/board_appkit_TC3X7_V1.0/board.o
 .debug_line    0x0000000000000000      0x2b1 bsp/board/board_appkit_TC3X7_V2.0/board.o
 .debug_line    0x00000000000002b1        0x0 bsp/board/board_radar_TC3X6_V1.3/board.o
 .debug_line    0x00000000000002b1        0x0 bsp/board/board_triboard_TC377TX_V1.X/board.o
 .debug_line    0x00000000000002b1        0x0 bsp/board/board_triboard_TC3X2_V1.0/board.o
 .debug_line    0x00000000000002b1        0x0 bsp/board/board_triboard_TC3X3_V1.0/board.o
 .debug_line    0x00000000000002b1        0x0 bsp/board/board_triboard_TC3X4L_V1.0/board.o
 .debug_line    0x00000000000002b1        0x0 bsp/board/board_triboard_TC3X4T_V1.0/board.o
 .debug_line    0x00000000000002b1        0x0 bsp/board/board_triboard_TC3X5_V1.X/board.o
 .debug_line    0x00000000000002b1        0x0 bsp/board/board_triboard_TC3X6_ADAS_V1.0/board.o
 .debug_line    0x00000000000002b1        0x0 bsp/board/board_triboard_TC3X6_V1.0/board.o
 .debug_line    0x00000000000002b1        0x0 bsp/board/board_triboard_TC3X7_ADAS_V1.0/board.o
 .debug_line    0x00000000000002b1        0x0 bsp/board/board_triboard_TC3X7_ADAS_V2.0/board.o
 .debug_line    0x00000000000002b1        0x0 bsp/board/board_triboard_TC3X7_V1.0/board.o
 .debug_line    0x00000000000002b1        0x0 bsp/board/board_triboard_TC3X7_V2.0/board.o
 .debug_line    0x00000000000002b1        0x0 bsp/board/board_triboard_TC3X9_V1.0/board.o
 .debug_line    0x00000000000002b1        0x0 bsp/board/board_triboard_TC3X9_V2.0/board.o
 .debug_line    0x00000000000002b1      0x1e0 bsp/board/bsp_board.o
 .debug_line    0x0000000000000491      0x1f1 bsp/isr/bsp_isr.o
 .debug_line    0x0000000000000682       0x1d bsp/isr/bsp_isr_vector_table.o
 .debug_line    0x000000000000069f      0x11b bsp/isr/bsp_traps_tc3.o
 .debug_line    0x00000000000007ba      0x4df bsp/uc/bsp_uc.o
 .debug_line    0x0000000000000c99       0x1d bsp/uc/uc_tc38/uc_tc38.o
 .debug_line    0x0000000000000cb6       0xe2 crt0/tc3x_crt0.o
 .debug_line    0x0000000000000d98       0x90 crt0/uc_tc38_bmhd.o
 .debug_line    0x0000000000000e28      0x17a src/shared_main.o
 .debug_line    0x0000000000000fa2       0xc1 d:/software/hightec/toolchains/tricore/v4.9.3.0-infineon-1.0/bin/../lib/gcc/tricore/4.9.4/../../../../tricore/lib/tc162/short-double\libos.a(wdtcon.o)

.debug_frame    memory region -> *default*
                0x0000000000000000      0x578
 *(.debug_frame)
 .debug_frame   0x0000000000000000       0x28 bsp/board/board_appkit_TC3X7_V2.0/board.o
 .debug_frame   0x0000000000000028       0x58 bsp/board/bsp_board.o
 .debug_frame   0x0000000000000080       0x58 bsp/isr/bsp_isr.o
 .debug_frame   0x00000000000000d8       0xd0 bsp/isr/bsp_traps_tc3.o
 .debug_frame   0x00000000000001a8      0x310 bsp/uc/bsp_uc.o
 .debug_frame   0x00000000000004b8       0x70 src/shared_main.o
 .debug_frame   0x0000000000000528       0x50 d:/software/hightec/toolchains/tricore/v4.9.3.0-infineon-1.0/bin/../lib/gcc/tricore/4.9.4/../../../../tricore/lib/tc162/short-double\libos.a(wdtcon.o)

.debug_str      memory region -> *default*
                0x0000000000000000      0x2b0
 *(.debug_str)
 .debug_str     0x0000000000000000        0x0 bsp/board/board_appkit_TC3X7_ADAS_V1.0/board.o
 .debug_str     0x0000000000000000        0x0 bsp/board/board_appkit_TC3X7_ADAS_V2.0/board.o
 .debug_str     0x0000000000000000        0x0 bsp/board/board_appkit_TC3X7_V1.0/board.o
 .debug_str     0x0000000000000000       0x67 bsp/board/board_appkit_TC3X7_V2.0/board.o
 .debug_str     0x0000000000000067        0x0 bsp/board/board_radar_TC3X6_V1.3/board.o
 .debug_str     0x0000000000000067        0x0 bsp/board/board_triboard_TC377TX_V1.X/board.o
 .debug_str     0x0000000000000067        0x0 bsp/board/board_triboard_TC3X2_V1.0/board.o
 .debug_str     0x0000000000000067        0x0 bsp/board/board_triboard_TC3X3_V1.0/board.o
 .debug_str     0x0000000000000067        0x0 bsp/board/board_triboard_TC3X4L_V1.0/board.o
 .debug_str     0x0000000000000067        0x0 bsp/board/board_triboard_TC3X4T_V1.0/board.o
 .debug_str     0x0000000000000067        0x0 bsp/board/board_triboard_TC3X5_V1.X/board.o
 .debug_str     0x0000000000000067        0x0 bsp/board/board_triboard_TC3X6_ADAS_V1.0/board.o
 .debug_str     0x0000000000000067        0x0 bsp/board/board_triboard_TC3X6_V1.0/board.o
 .debug_str     0x0000000000000067        0x0 bsp/board/board_triboard_TC3X7_ADAS_V1.0/board.o
 .debug_str     0x0000000000000067        0x0 bsp/board/board_triboard_TC3X7_ADAS_V2.0/board.o
 .debug_str     0x0000000000000067        0x0 bsp/board/board_triboard_TC3X7_V1.0/board.o
 .debug_str     0x0000000000000067        0x0 bsp/board/board_triboard_TC3X7_V2.0/board.o
 .debug_str     0x0000000000000067        0x0 bsp/board/board_triboard_TC3X9_V1.0/board.o
 .debug_str     0x0000000000000067        0x0 bsp/board/board_triboard_TC3X9_V2.0/board.o
 .debug_str     0x0000000000000067        0x0 bsp/board/bsp_board.o
 .debug_str     0x0000000000000067        0x0 bsp/isr/bsp_isr.o
 .debug_str     0x0000000000000067        0x0 bsp/isr/bsp_isr_vector_table.o
 .debug_str     0x0000000000000067        0x0 bsp/isr/bsp_traps_tc3.o
 .debug_str     0x0000000000000067      0x228 bsp/uc/bsp_uc.o
 .debug_str     0x000000000000028f        0x0 bsp/uc/uc_tc38/uc_tc38.o
 .debug_str     0x000000000000028f        0x0 crt0/uc_tc38_bmhd.o
 .debug_str     0x000000000000028f       0x12 src/shared_main.o
 .debug_str     0x00000000000002a1        0xf d:/software/hightec/toolchains/tricore/v4.9.3.0-infineon-1.0/bin/../lib/gcc/tricore/4.9.4/../../../../tricore/lib/tc162/short-double\libos.a(wdtcon.o)

.debug_loc      memory region -> *default*
                0x0000000000000000       0xb6
 *(.debug_loc)
 .debug_loc     0x0000000000000000       0xb6 d:/software/hightec/toolchains/tricore/v4.9.3.0-infineon-1.0/bin/../lib/gcc/tricore/4.9.4/../../../../tricore/lib/tc162/short-double\libos.a(wdtcon.o)

.debug_macinfo
 *(.debug_macinfo)

.debug_ranges   memory region -> *default*
                0x0000000000000000       0x90
 *(.debug_ranges)
 .debug_ranges  0x0000000000000000       0x48 bsp/isr/bsp_traps_tc3.o
 .debug_ranges  0x0000000000000048       0x20 crt0/tc3x_crt0.o
 .debug_ranges  0x0000000000000068       0x28 d:/software/hightec/toolchains/tricore/v4.9.3.0-infineon-1.0/bin/../lib/gcc/tricore/4.9.4/../../../../tricore/lib/tc162/short-double\libos.a(wdtcon.o)

.debug_control_flow
 *(.debug_control_flow)

.debug_weaknames
 *(.debug_weaknames)

.debug_funcnames
 *(.debug_funcnames)

.debug_typenames
 *(.debug_typenames)

.debug_varnames
 *(.debug_varnames)

.version_info   memory region -> *default*
                0x0000000000000000    0x1282f
 *(.version_info)
 .version_info  0x0000000000000000      0xa90 bsp/board/board_appkit_TC3X7_ADAS_V1.0/board.o
 .version_info  0x0000000000000a90      0xa90 bsp/board/board_appkit_TC3X7_ADAS_V2.0/board.o
 .version_info  0x0000000000001520      0xa63 bsp/board/board_appkit_TC3X7_V1.0/board.o
 .version_info  0x0000000000001f83      0xa63 bsp/board/board_appkit_TC3X7_V2.0/board.o
 .version_info  0x00000000000029e6      0xa5a bsp/board/board_radar_TC3X6_V1.3/board.o
 .version_info  0x0000000000003440      0xa87 bsp/board/board_triboard_TC377TX_V1.X/board.o
 .version_info  0x0000000000003ec7      0xa75 bsp/board/board_triboard_TC3X2_V1.0/board.o
 .version_info  0x000000000000493c      0xa75 bsp/board/board_triboard_TC3X3_V1.0/board.o
 .version_info  0x00000000000053b1      0xa7e bsp/board/board_triboard_TC3X4L_V1.0/board.o
 .version_info  0x0000000000005e2f      0xa7e bsp/board/board_triboard_TC3X4T_V1.0/board.o
 .version_info  0x00000000000068ad      0xa75 bsp/board/board_triboard_TC3X5_V1.X/board.o
 .version_info  0x0000000000007322      0xaa2 bsp/board/board_triboard_TC3X6_ADAS_V1.0/board.o
 .version_info  0x0000000000007dc4      0xa75 bsp/board/board_triboard_TC3X6_V1.0/board.o
 .version_info  0x0000000000008839      0xaa2 bsp/board/board_triboard_TC3X7_ADAS_V1.0/board.o
 .version_info  0x00000000000092db      0xaa2 bsp/board/board_triboard_TC3X7_ADAS_V2.0/board.o
 .version_info  0x0000000000009d7d      0xa75 bsp/board/board_triboard_TC3X7_V1.0/board.o
 .version_info  0x000000000000a7f2      0xa75 bsp/board/board_triboard_TC3X7_V2.0/board.o
 .version_info  0x000000000000b267      0xa75 bsp/board/board_triboard_TC3X9_V1.0/board.o
 .version_info  0x000000000000bcdc      0xa75 bsp/board/board_triboard_TC3X9_V2.0/board.o
 .version_info  0x000000000000c751      0x9af bsp/board/bsp_board.o
 .version_info  0x000000000000d100      0x98b bsp/isr/bsp_isr.o
 .version_info  0x000000000000da8b      0xa00 bsp/isr/bsp_isr_vector_table.o
 .version_info  0x000000000000e48b      0x9c1 bsp/isr/bsp_traps_tc3.o
 .version_info  0x000000000000ee4c      0x979 bsp/uc/bsp_uc.o
 .version_info  0x000000000000f7c5      0x9ca bsp/uc/uc_tc38/uc_tc38.o
 .version_info  0x000000000001018f      0x99d crt0/uc_tc38_bmhd.o
 .version_info  0x0000000000010b2c      0x98b src/shared_main.o
 .version_info  0x00000000000114b7     0x1378 d:/software/hightec/toolchains/tricore/v4.9.3.0-infineon-1.0/bin/../lib/gcc/tricore/4.9.4/../../../../tricore/lib/tc162/short-double\libos.a(wdtcon.o)
OUTPUT(tc38x_bsp_example.elf elf32-tricore)

Cross Reference Table

Symbol                                            File
BSP_ISR_VECTOR_TABLE_CPU0                         bsp/isr/bsp_isr_vector_table.o
                                                  bsp/uc/bsp_uc.o
                                                  bsp/isr/bsp_isr.o
BSP_ISR_VECTOR_TABLE_CPU1                         bsp/isr/bsp_isr_vector_table.o
                                                  bsp/uc/bsp_uc.o
                                                  bsp/isr/bsp_isr.o
BSP_ISR_VECTOR_TABLE_CPU2                         bsp/isr/bsp_isr_vector_table.o
                                                  bsp/uc/bsp_uc.o
                                                  bsp/isr/bsp_isr.o
BSP_ISR_VECTOR_TABLE_CPU3                         bsp/isr/bsp_isr_vector_table.o
                                                  bsp/uc/bsp_uc.o
                                                  bsp/isr/bsp_isr.o
BSP_TRAP_VECTOR_TABLE                             bsp/isr/bsp_traps_tc3.o
BspIsrRamTable_Cpu0                               bsp/isr/bsp_isr.o
                                                  bsp/isr/bsp_isr_vector_table.o
BspIsrRamTable_Cpu1                               bsp/isr/bsp_isr.o
                                                  bsp/isr/bsp_isr_vector_table.o
BspIsrRamTable_Cpu2                               bsp/isr/bsp_isr.o
                                                  bsp/isr/bsp_isr_vector_table.o
BspIsrRamTable_Cpu3                               bsp/isr/bsp_isr.o
                                                  bsp/isr/bsp_isr_vector_table.o
Crt0BssInit                                       crt0/tc3x_crt0.o
Crt0CtorInit                                      crt0/tc3x_crt0.o
Crt0DataInit                                      crt0/tc3x_crt0.o
Crt0PostInit                                      src/shared_main.o
                                                  crt0/tc3x_crt0.o
Crt0PreInit                                       src/shared_main.o
                                                  crt0/tc3x_crt0.o
TimerMulticoreIsrHandler                          src/shared_main.o
Trap_0_Handler                                    bsp/isr/bsp_traps_tc3.o
Trap_1_Handler                                    bsp/isr/bsp_traps_tc3.o
Trap_2_Handler                                    bsp/isr/bsp_traps_tc3.o
Trap_3_Handler                                    bsp/isr/bsp_traps_tc3.o
Trap_4_Handler                                    bsp/isr/bsp_traps_tc3.o
Trap_5_Handler                                    bsp/isr/bsp_traps_tc3.o
Trap_6_Handler                                    bsp/isr/bsp_traps_tc3.o
Trap_7_Handler                                    bsp/isr/bsp_traps_tc3.o
__crt0_config                                     crt0/tc3x_crt0.o
_crt0_reset                                       crt0/tc3x_crt0.o
                                                  bsp/uc/bsp_uc.o
_start                                            crt0/tc3x_crt0.o
bmhd_0_copy                                       crt0/uc_tc38_bmhd.o
bmhd_0_orig                                       crt0/uc_tc38_bmhd.o
bmhd_1_copy                                       crt0/uc_tc38_bmhd.o
bmhd_1_orig                                       crt0/uc_tc38_bmhd.o
bmhd_2_copy                                       crt0/uc_tc38_bmhd.o
bmhd_2_orig                                       crt0/uc_tc38_bmhd.o
bmhd_3_copy                                       crt0/uc_tc38_bmhd.o
bmhd_3_orig                                       crt0/uc_tc38_bmhd.o
board_led                                         bsp/board/board_appkit_TC3X7_V2.0/board.o
                                                  bsp/board/bsp_board.o
bsp_board_led_Init                                bsp/board/bsp_board.o
bsp_board_led_InitAll                             bsp/board/bsp_board.o
                                                  src/shared_main.o
bsp_board_led_Set                                 bsp/board/bsp_board.o
                                                  src/shared_main.o
bsp_board_wdg_Disable                             bsp/board/board_appkit_TC3X7_V2.0/board.o
                                                  src/shared_main.o
bsp_isr_Init                                      bsp/isr/bsp_isr.o
                                                  src/shared_main.o
bsp_isr_RegisterHandler                           bsp/isr/bsp_isr.o
                                                  src/shared_main.o
bsp_uc_InitClock                                  bsp/uc/bsp_uc.o
                                                  src/shared_main.o
bsp_uc_ccu_SelectExtClk0                          bsp/uc/bsp_uc.o
bsp_uc_ccu_SelectExtClk1                          bsp/uc/bsp_uc.o
bsp_uc_core_EnableDCache                          bsp/uc/bsp_uc.o
bsp_uc_core_EnableICache                          bsp/uc/bsp_uc.o
                                                  src/shared_main.o
bsp_uc_core_GetCurrentCore                        bsp/uc/bsp_uc.o
                                                  src/shared_main.o
                                                  bsp/isr/bsp_isr.o
bsp_uc_core_GetCurrentInterruptPriority           bsp/uc/bsp_uc.o
bsp_uc_core_StartAllCores                         bsp/uc/bsp_uc.o
                                                  src/shared_main.o
bsp_uc_core_StartCore                             bsp/uc/bsp_uc.o
bsp_uc_dflash_SetWs                               bsp/uc/bsp_uc.o
bsp_uc_intc_EnableExternalInterrupts              bsp/uc/bsp_uc.o
                                                  src/shared_main.o
bsp_uc_intc_InitBIV                               bsp/uc/bsp_uc.o
bsp_uc_intc_SetBIV                                bsp/uc/bsp_uc.o
                                                  bsp/isr/bsp_isr.o
bsp_uc_intc_stm_SetSRC                            bsp/uc/bsp_uc.o
                                                  src/shared_main.o
bsp_uc_pflash_SetWs                               bsp/uc/bsp_uc.o
bsp_uc_port_EnableInput                           bsp/uc/bsp_uc.o
                                                  bsp/board/board_appkit_TC3X7_V2.0/board.o
bsp_uc_port_EnableOutput                          bsp/uc/bsp_uc.o
                                                  bsp/board/bsp_board.o
                                                  bsp/board/board_appkit_TC3X7_V2.0/board.o
bsp_uc_port_GetGPIO                               bsp/uc/bsp_uc.o
bsp_uc_port_SetGPIO                               bsp/uc/bsp_uc.o
                                                  bsp/board/bsp_board.o
bsp_uc_scu_EnablePLL0                             bsp/uc/bsp_uc.o
bsp_uc_scu_EnablePLL1                             bsp/uc/bsp_uc.o
bsp_uc_scu_EnableXOSC                             bsp/uc/bsp_uc.o
bsp_uc_scu_SetCcuCon                              bsp/uc/bsp_uc.o
bsp_uc_scu_SwitchSystemClock                      bsp/uc/bsp_uc.o
bsp_uc_scu_wdt_DisableCpuWatchdog                 bsp/uc/bsp_uc.o
                                                  src/shared_main.o
bsp_uc_scu_wdt_DisableSafetyWatchdog              bsp/uc/bsp_uc.o
                                                  src/shared_main.o
bsp_uc_stm_ClearChannelIsrFlag                    bsp/uc/bsp_uc.o
                                                  src/shared_main.o
bsp_uc_stm_EnableChannelIsr                       bsp/uc/bsp_uc.o
                                                  src/shared_main.o
bsp_uc_stm_GetChannelCurrentValue                 bsp/uc/bsp_uc.o
                                                  src/shared_main.o
bsp_uc_stm_IsChannelIsrFlag                       bsp/uc/bsp_uc.o
bsp_uc_stm_ReloadChannel                          bsp/uc/bsp_uc.o
                                                  src/shared_main.o
bsp_uc_stm_Wait                                   bsp/uc/bsp_uc.o
isr_undef_handler                                 bsp/isr/bsp_isr.o
lock_safety_wdtcon                                d:/software/hightec/toolchains/tricore/v4.9.3.0-infineon-1.0/bin/../lib/gcc/tricore/4.9.4/../../../../tricore/lib/tc162/short-double\libos.a(wdtcon.o)
                                                  bsp/uc/bsp_uc.o
lock_wdtcon                                       d:/software/hightec/toolchains/tricore/v4.9.3.0-infineon-1.0/bin/../lib/gcc/tricore/4.9.4/../../../../tricore/lib/tc162/short-double\libos.a(wdtcon.o)
                                                  bsp/uc/bsp_uc.o
                                                  bsp/board/board_appkit_TC3X7_V2.0/board.o
shared_main                                       src/shared_main.o
                                                  crt0/tc3x_crt0.o
unlock_safety_wdtcon                              d:/software/hightec/toolchains/tricore/v4.9.3.0-infineon-1.0/bin/../lib/gcc/tricore/4.9.4/../../../../tricore/lib/tc162/short-double\libos.a(wdtcon.o)
                                                  bsp/uc/bsp_uc.o
unlock_wdtcon                                     d:/software/hightec/toolchains/tricore/v4.9.3.0-infineon-1.0/bin/../lib/gcc/tricore/4.9.4/../../../../tricore/lib/tc162/short-double\libos.a(wdtcon.o)
                                                  bsp/uc/bsp_uc.o
                                                  bsp/board/board_appkit_TC3X7_V2.0/board.o
